   Branching Using VISUAL  Code

        

$ pwd
/c/Users/Lenovo/Desktop/Branching
$ git init
Initialized empty Git repository in C:/Users/Lenovo/Desktop/Branching/.git/
$ ls
hello.java
$ git add .
$ git commit -m "commit 1"
[main (root-commit) fdcc12f] commit 1
 1 file changed, 7 insertions(+)
 create mode 100644 hello.java
$ git remote add origin https://github.com/Asmitaujgare/Branching.git
$ git push -u origin
fatal: The current branch main has no upstream branch.
To push the current branch and set the remote as upstream, use

    git push --set-upstream origin main

To have this happen automatically for branches without a tracking
upstream, see 'push.autoSetupRemote' in 'git help config'.

$ git push --set-upstream origin main
Enumerating objects: 3, done.
Counting objects: 100% (3/3), done.
Delta compression using up to 4 threads
Compressing objects: 100% (2/2), done.
Writing objects: 100% (3/3), 313 bytes | 156.00 KiB/s, done.
Total 3 (delta 0), reused 0 (delta 0), pack-reused 0
To https://github.com/Asmitaujgare/Branching.git
 * [new branch]      main -> main
branch 'main' set up to track 'origin/main'.
$ git branch varsha
$ git checkout varsha
Switched to branch 'varsha'
$ git add .
$ git commit -m "commit 2"
[varsha 1df6566] commit 2
 1 file changed, 2 insertions(+)
$ git push -u origin
fatal: The current branch varsha has no upstream branch.
To push the current branch and set the remote as upstream, use

    git push --set-upstream origin varsha

To have this happen automatically for branches without a tracking
upstream, see 'push.autoSetupRemote' in 'git help config'.

$ git push --set-upstream origin varsha
Enumerating objects: 5, done.
Counting objects: 100% (5/5), done.
Delta compression using up to 4 threads
Compressing objects: 100% (2/2), done.
Writing objects: 100% (3/3), 356 bytes | 59.00 KiB/s, done.
Total 3 (delta 0), reused 0 (delta 0), pack-reused 0
remote:
remote: Create a pull request for 'varsha' on GitHub by visiting:
remote:      https://github.com/Asmitaujgare/Branching/pull/new/varsha
remote:
To https://github.com/Asmitaujgare/Branching.git
 * [new branch]      varsha -> varsha
branch 'varsha' set up to track 'origin/varsha'.
$
